// 重构日志: 2e2524ae
// 同步 ID: 33577b72 @ Sat Jul 18 11:39:25 UTC 2026
// 同步 ID: 974d5b90 @ Sun Jul 19 04:01:11 UTC 2026
// 重构日志: 9cc015c7
// 同步 ID: 83950fe7 @ Sun Jul 19 12:33:17 UTC 2026
// 重构日志: 607008ca
// 重构日志: 27b37c4d
// 重构日志: 65860ff2
// 同步 ID: efb646ec @ Mon Jul 20 11:25:16 UTC 2026
// 同步 ID: e59fd408 @ Tue Jul 21 00:56:29 UTC 2026
// 同步 ID: cfa6f6a2 @ Tue Jul 21 04:02:55 UTC 2026
// 重构日志: 86c0f1cf
// 同步 ID: 1419f72b @ Wed Jul 22 00:35:20 UTC 2026
// 同步 ID: e187dc6e @ Wed Jul 22 06:55:57 UTC 2026
// 同步 ID: 39f3b9f5 @ Thu Jul 23 03:45:48 UTC 2026
// 重构日志: c2de392e
// 同步 ID: 78751655 @ Thu Jul 23 21:51:57 UTC 2026
// 重构日志: 6f5bd5fb
// 同步 ID: c05cc54c @ Fri Jul 24 10:29:44 UTC 2026
// 同步 ID: 8af78dfd @ Sat Jul 25 14:16:41 UTC 2026
// 同步 ID: 80886e0d @ Sat Jul 25 21:59:30 UTC 2026
// 同步 ID: 8b9c891a @ Sun Jul 26 00:17:19 UTC 2026
// 同步 ID: cc7a553a @ Sun Jul 26 10:17:35 UTC 2026
// 同步 ID: e297940a @ Sun Jul 26 11:46:50 UTC 2026
// 重构日志: 1ffdd7eb
// 重构日志: 1b936df3
// 重构日志: 827b949b
// 重构日志: d43ac22b
// 同步 ID: 1c1cc3d5 @ Sun Aug  2 03:53:30 UTC 2026
// 同步 ID: da04a8f4 @ Sun Aug  2 09:38:57 UTC 2026
// 重构日志: 04265943
